Archive member included to satisfy reference by file (symbol)

c:/st/stm32cubeide_1.4.0/stm32cubeide/plugins/com.st.stm32cube.ide.mcu.externaltools.gnu-tools-for-stm32.7-2018-q2-update.win32_1.4.0.202007081208/tools/bin/../lib/gcc/arm-none-eabi/7.3.1/../../../../arm-none-eabi/lib/thumb/v7e-m/fpv4-sp/hard\libc_nano.a(lib_a-errno.o)
                              Src/syscalls.o (__errno)
c:/st/stm32cubeide_1.4.0/stm32cubeide/plugins/com.st.stm32cube.ide.mcu.externaltools.gnu-tools-for-stm32.7-2018-q2-update.win32_1.4.0.202007081208/tools/bin/../lib/gcc/arm-none-eabi/7.3.1/../../../../arm-none-eabi/lib/thumb/v7e-m/fpv4-sp/hard\libc_nano.a(lib_a-exit.o)
                              c:/st/stm32cubeide_1.4.0/stm32cubeide/plugins/com.st.stm32cube.ide.mcu.externaltools.gnu-tools-for-stm32.7-2018-q2-update.win32_1.4.0.202007081208/tools/bin/../lib/gcc/arm-none-eabi/7.3.1/../../../../arm-none-eabi/lib/thumb/v7e-m/fpv4-sp/hard/crt0.o (exit)
c:/st/stm32cubeide_1.4.0/stm32cubeide/plugins/com.st.stm32cube.ide.mcu.externaltools.gnu-tools-for-stm32.7-2018-q2-update.win32_1.4.0.202007081208/tools/bin/../lib/gcc/arm-none-eabi/7.3.1/../../../../arm-none-eabi/lib/thumb/v7e-m/fpv4-sp/hard\libc_nano.a(lib_a-impure.o)
                              c:/st/stm32cubeide_1.4.0/stm32cubeide/plugins/com.st.stm32cube.ide.mcu.externaltools.gnu-tools-for-stm32.7-2018-q2-update.win32_1.4.0.202007081208/tools/bin/../lib/gcc/arm-none-eabi/7.3.1/../../../../arm-none-eabi/lib/thumb/v7e-m/fpv4-sp/hard\libc_nano.a(lib_a-exit.o) (_global_impure_ptr)
c:/st/stm32cubeide_1.4.0/stm32cubeide/plugins/com.st.stm32cube.ide.mcu.externaltools.gnu-tools-for-stm32.7-2018-q2-update.win32_1.4.0.202007081208/tools/bin/../lib/gcc/arm-none-eabi/7.3.1/../../../../arm-none-eabi/lib/thumb/v7e-m/fpv4-sp/hard\libc_nano.a(lib_a-init.o)
                              c:/st/stm32cubeide_1.4.0/stm32cubeide/plugins/com.st.stm32cube.ide.mcu.externaltools.gnu-tools-for-stm32.7-2018-q2-update.win32_1.4.0.202007081208/tools/bin/../lib/gcc/arm-none-eabi/7.3.1/../../../../arm-none-eabi/lib/thumb/v7e-m/fpv4-sp/hard/crt0.o (__libc_init_array)
c:/st/stm32cubeide_1.4.0/stm32cubeide/plugins/com.st.stm32cube.ide.mcu.externaltools.gnu-tools-for-stm32.7-2018-q2-update.win32_1.4.0.202007081208/tools/bin/../lib/gcc/arm-none-eabi/7.3.1/../../../../arm-none-eabi/lib/thumb/v7e-m/fpv4-sp/hard\libc_nano.a(lib_a-memset.o)
                              c:/st/stm32cubeide_1.4.0/stm32cubeide/plugins/com.st.stm32cube.ide.mcu.externaltools.gnu-tools-for-stm32.7-2018-q2-update.win32_1.4.0.202007081208/tools/bin/../lib/gcc/arm-none-eabi/7.3.1/../../../../arm-none-eabi/lib/thumb/v7e-m/fpv4-sp/hard/crt0.o (memset)

Discarded input sections

 .text          0x0000000000000000        0x0 c:/st/stm32cubeide_1.4.0/stm32cubeide/plugins/com.st.stm32cube.ide.mcu.externaltools.gnu-tools-for-stm32.7-2018-q2-update.win32_1.4.0.202007081208/tools/bin/../lib/gcc/arm-none-eabi/7.3.1/thumb/v7e-m/fpv4-sp/hard/crti.o
 .data          0x0000000000000000        0x0 c:/st/stm32cubeide_1.4.0/stm32cubeide/plugins/com.st.stm32cube.ide.mcu.externaltools.gnu-tools-for-stm32.7-2018-q2-update.win32_1.4.0.202007081208/tools/bin/../lib/gcc/arm-none-eabi/7.3.1/thumb/v7e-m/fpv4-sp/hard/crti.o
 .bss           0x0000000000000000        0x0 c:/st/stm32cubeide_1.4.0/stm32cubeide/plugins/com.st.stm32cube.ide.mcu.externaltools.gnu-tools-for-stm32.7-2018-q2-update.win32_1.4.0.202007081208/tools/bin/../lib/gcc/arm-none-eabi/7.3.1/thumb/v7e-m/fpv4-sp/hard/crti.o
 .data          0x0000000000000000        0x4 c:/st/stm32cubeide_1.4.0/stm32cubeide/plugins/com.st.stm32cube.ide.mcu.externaltools.gnu-tools-for-stm32.7-2018-q2-update.win32_1.4.0.202007081208/tools/bin/../lib/gcc/arm-none-eabi/7.3.1/thumb/v7e-m/fpv4-sp/hard/crtbegin.o
 .text          0x0000000000000000       0x74 c:/st/stm32cubeide_1.4.0/stm32cubeide/plugins/com.st.stm32cube.ide.mcu.externaltools.gnu-tools-for-stm32.7-2018-q2-update.win32_1.4.0.202007081208/tools/bin/../lib/gcc/arm-none-eabi/7.3.1/../../../../arm-none-eabi/lib/thumb/v7e-m/fpv4-sp/hard/crt0.o
 .data          0x0000000000000000        0x0 c:/st/stm32cubeide_1.4.0/stm32cubeide/plugins/com.st.stm32cube.ide.mcu.externaltools.gnu-tools-for-stm32.7-2018-q2-update.win32_1.4.0.202007081208/tools/bin/../lib/gcc/arm-none-eabi/7.3.1/../../../../arm-none-eabi/lib/thumb/v7e-m/fpv4-sp/hard/crt0.o
 .bss           0x0000000000000000        0x0 c:/st/stm32cubeide_1.4.0/stm32cubeide/plugins/com.st.stm32cube.ide.mcu.externaltools.gnu-tools-for-stm32.7-2018-q2-update.win32_1.4.0.202007081208/tools/bin/../lib/gcc/arm-none-eabi/7.3.1/../../../../arm-none-eabi/lib/thumb/v7e-m/fpv4-sp/hard/crt0.o
 .ARM.extab     0x0000000000000000        0x0 c:/st/stm32cubeide_1.4.0/stm32cubeide/plugins/com.st.stm32cube.ide.mcu.externaltools.gnu-tools-for-stm32.7-2018-q2-update.win32_1.4.0.202007081208/tools/bin/../lib/gcc/arm-none-eabi/7.3.1/../../../../arm-none-eabi/lib/thumb/v7e-m/fpv4-sp/hard/crt0.o
[...]
Memory Configuration

Name             Origin             Length             Attributes
FLASH            0x0000000008000000 0x0000000000010000 xr
CCMRAM           0x0000000010000000 0x0000000000001000 xrw
RAM              0x0000000020000000 0x0000000000003000 xrw
*default*        0x0000000000000000 0xffffffffffffffff

Linker script and memory map

LOAD c:/st/stm32cubeide_1.4.0/stm32cubeide/plugins/com.st.stm32cube.ide.mcu.externaltools.gnu-tools-for-stm32.7-2018-q2-update.win32_1.4.0.202007081208/tools/bin/../lib/gcc/arm-none-eabi/7.3.1/thumb/v7e-m/fpv4-sp/hard/crti.o
LOAD c:/st/stm32cubeide_1.4.0/stm32cubeide/plugins/com.st.stm32cube.ide.mcu.externaltools.gnu-tools-for-stm32.7-2018-q2-update.win32_1.4.0.202007081208/tools/bin/../lib/gcc/arm-none-eabi/7.3.1/thumb/v7e-m/fpv4-sp/hard/crtbegin.o
LOAD c:/st/stm32cubeide_1.4.0/stm32cubeide/plugins/com.st.stm32cube.ide.mcu.externaltools.gnu-tools-for-stm32.7-2018-q2-update.win32_1.4.0.202007081208/tools/bin/../lib/gcc/arm-none-eabi/7.3.1/../../../../arm-none-eabi/lib/thumb/v7e-m/fpv4-sp/hard/crt0.o
LOAD Drivers/STM32F3xx_HAL_Driver/Src/stm32f3xx_ll_dma.o
LOAD Drivers/STM32F3xx_HAL_Driver/Src/stm32f3xx_ll_exti.o
LOAD Drivers/STM32F3xx_HAL_Driver/Src/stm32f3xx_ll_gpio.o
LOAD Drivers/STM32F3xx_HAL_Driver/Src/stm32f3xx_ll_rcc.o
LOAD Drivers/STM32F3xx_HAL_Driver/Src/stm32f3xx_ll_tim.o
LOAD Drivers/STM32F3xx_HAL_Driver/Src/stm32f3xx_ll_utils.o
LOAD Src/gpio.o
LOAD Src/main.o
LOAD Src/stm32f3xx_it.o
LOAD Src/syscalls.o
LOAD Src/sysmem.o
LOAD Src/system_stm32f3xx.o
LOAD Src/tim.o
LOAD Startup/startup_stm32f303k8tx.o
START GROUP
LOAD c:/st/stm32cubeide_1.4.0/stm32cubeide/plugins/com.st.stm32cube.ide.mcu.externaltools.gnu-tools-for-stm32.7-2018-q2-update.win32_1.4.0.202007081208/tools/bin/../lib/gcc/arm-none-eabi/7.3.1/../../../../arm-none-eabi/lib/thumb/v7e-m/fpv4-sp/hard\libc_nano.a
LOAD c:/st/stm32cubeide_1.4.0/stm32cubeide/plugins/com.st.stm32cube.ide.mcu.externaltools.gnu-tools-for-stm32.7-2018-q2-update.win32_1.4.0.202007081208/tools/bin/../lib/gcc/arm-none-eabi/7.3.1/../../../../arm-none-eabi/lib/thumb/v7e-m/fpv4-sp/hard\libm.a
END GROUP
START GROUP
LOAD c:/st/stm32cubeide_1.4.0/stm32cubeide/plugins/com.st.stm32cube.ide.mcu.externaltools.gnu-tools-for-stm32.7-2018-q2-update.win32_1.4.0.202007081208/tools/bin/../lib/gcc/arm-none-eabi/7.3.1/thumb/v7e-m/fpv4-sp/hard\libgcc.a
LOAD c:/st/stm32cubeide_1.4.0/stm32cubeide/plugins/com.st.stm32cube.ide.mcu.externaltools.gnu-tools-for-stm32.7-2018-q2-update.win32_1.4.0.202007081208/tools/bin/../lib/gcc/arm-none-eabi/7.3.1/../../../../arm-none-eabi/lib/thumb/v7e-m/fpv4-sp/hard\libc_nano.a
END GROUP
START GROUP
LOAD c:/st/stm32cubeide_1.4.0/stm32cubeide/plugins/com.st.stm32cube.ide.mcu.externaltools.gnu-tools-for-stm32.7-2018-q2-update.win32_1.4.0.202007081208/tools/bin/../lib/gcc/arm-none-eabi/7.3.1/thumb/v7e-m/fpv4-sp/hard\libgcc.a
LOAD c:/st/stm32cubeide_1.4.0/stm32cubeide/plugins/com.st.stm32cube.ide.mcu.externaltools.gnu-tools-for-stm32.7-2018-q2-update.win32_1.4.0.202007081208/tools/bin/../lib/gcc/arm-none-eabi/7.3.1/../../../../arm-none-eabi/lib/thumb/v7e-m/fpv4-sp/hard\libc_nano.a
LOAD c:/st/stm32cubeide_1.4.0/stm32cubeide/plugins/com.st.stm32cube.ide.mcu.externaltools.gnu-tools-for-stm32.7-2018-q2-update.win32_1.4.0.202007081208/tools/bin/../lib/gcc/arm-none-eabi/7.3.1/../../../../arm-none-eabi/lib/thumb/v7e-m/fpv4-sp/hard\libnosys.a
END GROUP
START GROUP
LOAD c:/st/stm32cubeide_1.4.0/stm32cubeide/plugins/com.st.stm32cube.ide.mcu.externaltools.gnu-tools-for-stm32.7-2018-q2-update.win32_1.4.0.202007081208/tools/bin/../lib/gcc/arm-none-eabi/7.3.1/thumb/v7e-m/fpv4-sp/hard\libgcc.a
LOAD c:/st/stm32cubeide_1.4.0/stm32cubeide/plugins/com.st.stm32cube.ide.mcu.externaltools.gnu-tools-for-stm32.7-2018-q2-update.win32_1.4.0.202007081208/tools/bin/../lib/gcc/arm-none-eabi/7.3.1/../../../../arm-none-eabi/lib/thumb/v7e-m/fpv4-sp/hard\libc_nano.a
LOAD c:/st/stm32cubeide_1.4.0/stm32cubeide/plugins/com.st.stm32cube.ide.mcu.externaltools.gnu-tools-for-stm32.7-2018-q2-update.win32_1.4.0.202007081208/tools/bin/../lib/gcc/arm-none-eabi/7.3.1/../../../../arm-none-eabi/lib/thumb/v7e-m/fpv4-sp/hard\libnosys.a
END GROUP
LOAD c:/st/stm32cubeide_1.4.0/stm32cubeide/plugins/com.st.stm32cube.ide.mcu.externaltools.gnu-tools-for-stm32.7-2018-q2-update.win32_1.4.0.202007081208/tools/bin/../lib/gcc/arm-none-eabi/7.3.1/thumb/v7e-m/fpv4-sp/hard/crtend.o
LOAD c:/st/stm32cubeide_1.4.0/stm32cubeide/plugins/com.st.stm32cube.ide.mcu.externaltools.gnu-tools-for-stm32.7-2018-q2-update.win32_1.4.0.202007081208/tools/bin/../lib/gcc/arm-none-eabi/7.3.1/thumb/v7e-m/fpv4-sp/hard/crtn.o
                0x0000000020003000                _estack = 0x20003000
                0x0000000000000200                _Min_Heap_Size = 0x200
                0x0000000000000400                _Min_Stack_Size = 0x400

.isr_vector     0x0000000008000000      0x188
                0x0000000008000000                . = ALIGN (0x4)
 *(.isr_vector)
 .isr_vector    0x0000000008000000      0x188 Startup/startup_stm32f303k8tx.o
                0x0000000008000000                g_pfnVectors
                0x0000000008000188                . = ALIGN (0x4)

.text           0x0000000008000188     0x16fc
                0x0000000008000188                . = ALIGN (0x4)
 *(.text)
 .text          0x0000000008000188       0x40 c:/st/stm32cubeide_1.4.0/stm32cubeide/plugins/com.st.stm32cube.ide.mcu.externaltools.gnu-tools-for-stm32.7-2018-q2-update.win32_1.4.0.202007081208/tools/bin/../lib/gcc/arm-none-eabi/7.3.1/thumb/v7e-m/fpv4-sp/hard/crtbegin.o
 *(.text*)
 .text.LL_GPIO_SetPinMode
                0x00000000080001c8       0x5a Drivers/STM32F3xx_HAL_Driver/Src/stm32f3xx_ll_gpio.o
 .text.LL_GPIO_SetPinOutputType
                0x0000000008000222       0x30 Drivers/STM32F3xx_HAL_Driver/Src/stm32f3xx_ll_gpio.o
 .text.LL_GPIO_SetPinSpeed
                0x0000000008000252       0x5a Drivers/STM32F3xx_HAL_Driver/Src/stm32f3xx_ll_gpio.o
 .text.LL_GPIO_SetPinPull
                0x00000000080002ac       0x5a Drivers/STM32F3xx_HAL_Driver/Src/stm32f3xx_ll_gpio.o
 .text.LL_GPIO_SetAFPin_0_7
                0x0000000008000306       0x5a Drivers/STM32F3xx_HAL_Driver/Src/stm32f3xx_ll_gpio.o
 .text.LL_GPIO_SetAFPin_8_15
                0x0000000008000360       0x5e Drivers/STM32F3xx_HAL_Driver/Src/stm32f3xx_ll_gpio.o
 .text.LL_GPIO_Init
                0x00000000080003be       0xf4 Drivers/STM32F3xx_HAL_Driver/Src/stm32f3xx_ll_gpio.o
                0x00000000080003be                LL_GPIO_Init
 .text.LL_TIM_SetPrescaler
                0x00000000080004b2       0x1c Drivers/STM32F3xx_HAL_Driver/Src/stm32f3xx_ll_tim.o
 .text.LL_TIM_SetAutoReload
                0x00000000080004ce       0x1c Drivers/STM32F3xx_HAL_Driver/Src/stm32f3xx_ll_tim.o
 .text.LL_TIM_SetRepetitionCounter
                0x00000000080004ea       0x1c Drivers/STM32F3xx_HAL_Driver/Src/stm32f3xx_ll_tim.o
 .text.LL_TIM_OC_SetCompareCH1
                0x0000000008000506       0x1c Drivers/STM32F3xx_HAL_Driver/Src/stm32f3xx_ll_tim.o
 .text.LL_TIM_OC_SetCompareCH2
                0x0000000008000522       0x1c Drivers/STM32F3xx_HAL_Driver/Src/stm32f3xx_ll_tim.o
 .text.LL_TIM_OC_SetCompareCH3
                0x000000000800053e       0x1c Drivers/STM32F3xx_HAL_Driver/Src/stm32f3xx_ll_tim.o
 .text.LL_TIM_OC_SetCompareCH4
                0x000000000800055a       0x1c Drivers/STM32F3xx_HAL_Driver/Src/stm32f3xx_ll_tim.o
 .text.LL_TIM_OC_SetCompareCH5
                0x0000000008000576       0x1c Drivers/STM32F3xx_HAL_Driver/Src/stm32f3xx_ll_tim.o
 .text.LL_TIM_OC_SetCompareCH6
                0x0000000008000592       0x1c Drivers/STM32F3xx_HAL_Driver/Src/stm32f3xx_ll_tim.o
 .text.LL_TIM_GenerateEvent_UPDATE
                0x00000000080005ae       0x20 Drivers/STM32F3xx_HAL_Driver/Src/stm32f3xx_ll_tim.o
 *fill*         0x00000000080005ce        0x2 
 .text.LL_TIM_Init
                0x00000000080005d0       0xe8 Drivers/STM32F3xx_HAL_Driver/Src/stm32f3xx_ll_tim.o
                0x00000000080005d0                LL_TIM_Init
 .text.LL_TIM_OC_Init
                0x00000000080006b8       0x9a Drivers/STM32F3xx_HAL_Driver/Src/stm32f3xx_ll_tim.o
                0x00000000080006b8                LL_TIM_OC_Init
 *fill*         0x0000000008000752        0x2 
 .text.OC1Config
                0x0000000008000754      0x100 Drivers/STM32F3xx_HAL_Driver/Src/stm32f3xx_ll_tim.o
 .text.OC2Config
                0x0000000008000854      0x108 Drivers/STM32F3xx_HAL_Driver/Src/stm32f3xx_ll_tim.o
 .text.OC3Config
                0x000000000800095c      0x108 Drivers/STM32F3xx_HAL_Driver/Src/stm32f3xx_ll_tim.o
 .text.OC4Config
                0x0000000008000a64       0xd8 Drivers/STM32F3xx_HAL_Driver/Src/stm32f3xx_ll_tim.o
 .text.OC5Config
                0x0000000008000b3c       0xc4 Drivers/STM32F3xx_HAL_Driver/Src/stm32f3xx_ll_tim.o
 .text.OC6Config
                0x0000000008000c00       0xc4 Drivers/STM32F3xx_HAL_Driver/Src/stm32f3xx_ll_tim.o
 .text.LL_InitTick
                0x0000000008000cc4       0x34 Drivers/STM32F3xx_HAL_Driver/Src/stm32f3xx_ll_utils.o
 .text.LL_Init1msTick
                0x0000000008000cf8       0x1a Drivers/STM32F3xx_HAL_Driver/Src/stm32f3xx_ll_utils.o
                0x0000000008000cf8                LL_Init1msTick
 *fill*         0x0000000008000d12        0x2 
 .text.LL_SetSystemCoreClock
                0x0000000008000d14       0x20 Drivers/STM32F3xx_HAL_Driver/Src/stm32f3xx_ll_utils.o
                0x0000000008000d14                LL_SetSystemCoreClock
 .text.LL_AHB1_GRP1_EnableClock
                0x0000000008000d34       0x30 Src/gpio.o
 .text.MX_GPIO_Init
                0x0000000008000d64       0x10 Src/gpio.o
                0x0000000008000d64                MX_GPIO_Init
 .text.NVIC_SetPriorityGrouping
                0x0000000008000d74       0x48 Src/main.o
 .text.LL_RCC_HSI_Enable
                0x0000000008000dbc       0x20 Src/main.o
 .text.LL_RCC_HSI_IsReady
                0x0000000008000ddc       0x24 Src/main.o
 .text.LL_RCC_HSI_SetCalibTrimming
                0x0000000008000e00       0x2c Src/main.o
 .text.LL_RCC_SetSysClkSource
                0x0000000008000e2c       0x28 Src/main.o
 .text.LL_RCC_GetSysClkSource
                0x0000000008000e54       0x1c Src/main.o
 .text.LL_RCC_SetAHBPrescaler
                0x0000000008000e70       0x28 Src/main.o
 .text.LL_RCC_SetAPB1Prescaler
                0x0000000008000e98       0x28 Src/main.o
 .text.LL_RCC_SetAPB2Prescaler
                0x0000000008000ec0       0x28 Src/main.o
 .text.LL_APB1_GRP1_EnableClock
                0x0000000008000ee8       0x30 Src/main.o
 .text.LL_APB2_GRP1_EnableClock
                0x0000000008000f18       0x30 Src/main.o
 .text.LL_FLASH_SetLatency
                0x0000000008000f48       0x28 Src/main.o
 .text.LL_FLASH_GetLatency
                0x0000000008000f70       0x1c Src/main.o
 .text.LL_SYSTICK_SetClkSource
                0x0000000008000f8c       0x38 Src/main.o
 .text.main     0x0000000008000fc4       0x26 Src/main.o
                0x0000000008000fc4                main
 *fill*         0x0000000008000fea        0x2 
 .text.SystemClock_Config
                0x0000000008000fec       0x6c Src/main.o
                0x0000000008000fec                SystemClock_Config
 .text.Error_Handler
                0x0000000008001058        0xe Src/main.o
                0x0000000008001058                Error_Handler
 .text.LL_TIM_ClearFlag_UPDATE
                0x0000000008001066       0x1c Src/stm32f3xx_it.o
 .text.LL_TIM_IsActiveFlag_UPDATE
                0x0000000008001082       0x26 Src/stm32f3xx_it.o
 .text.NMI_Handler
                0x00000000080010a8        0xe Src/stm32f3xx_it.o
                0x00000000080010a8                NMI_Handler
 .text.HardFault_Handler
                0x00000000080010b6        0x6 Src/stm32f3xx_it.o
                0x00000000080010b6                HardFault_Handler
 .text.MemManage_Handler
                0x00000000080010bc        0x6 Src/stm32f3xx_it.o
                0x00000000080010bc                MemManage_Handler
 .text.BusFault_Handler
                0x00000000080010c2        0x6 Src/stm32f3xx_it.o
                0x00000000080010c2                BusFault_Handler
 .text.UsageFault_Handler
                0x00000000080010c8        0x6 Src/stm32f3xx_it.o
                0x00000000080010c8                UsageFault_Handler
 .text.SVC_Handler
                0x00000000080010ce        0xe Src/stm32f3xx_it.o
                0x00000000080010ce                SVC_Handler
 .text.DebugMon_Handler
                0x00000000080010dc        0xe Src/stm32f3xx_it.o
                0x00000000080010dc                DebugMon_Handler
 .text.PendSV_Handler
                0x00000000080010ea        0xe Src/stm32f3xx_it.o
                0x00000000080010ea                PendSV_Handler
 .text.SysTick_Handler
                0x00000000080010f8        0xe Src/stm32f3xx_it.o
                0x00000000080010f8                SysTick_Handler
 *fill*         0x0000000008001106        0x2 
 .text.TIM2_IRQHandler
                0x0000000008001108       0x70 Src/stm32f3xx_it.o
                0x0000000008001108                TIM2_IRQHandler
 .text.setDutyCycle
                0x0000000008001178       0x3c Src/stm32f3xx_it.o
                0x0000000008001178                setDutyCycle
 .text.setLedState
                0x00000000080011b4       0x60 Src/stm32f3xx_it.o
                0x00000000080011b4                setLedState
 .text.setIntensity
                0x0000000008001214       0x5a Src/stm32f3xx_it.o
                0x0000000008001214                setIntensity
 *fill*         0x000000000800126e        0x2 
 .text.SystemInit
                0x0000000008001270       0x94 Src/system_stm32f3xx.o
                0x0000000008001270                SystemInit
 .text.NVIC_GetPriorityGrouping
                0x0000000008001304       0x1c Src/tim.o
 .text.NVIC_EnableIRQ
                0x0000000008001320       0x34 Src/tim.o
 .text.NVIC_SetPriority
                0x0000000008001354       0x54 Src/tim.o
 .text.NVIC_EncodePriority
                0x00000000080013a8       0x66 Src/tim.o
 *fill*         0x000000000800140e        0x2 
 .text.LL_AHB1_GRP1_EnableClock
                0x0000000008001410       0x30 Src/tim.o
 .text.LL_APB1_GRP1_EnableClock
                0x0000000008001440       0x30 Src/tim.o
 .text.LL_TIM_EnableCounter
                0x0000000008001470       0x20 Src/tim.o
 .text.LL_TIM_DisableARRPreload
                0x0000000008001490       0x20 Src/tim.o
 .text.LL_TIM_CC_EnableChannel
                0x00000000080014b0       0x22 Src/tim.o
 *fill*         0x00000000080014d2        0x2 
 .text.LL_TIM_OC_DisableFast
                0x00000000080014d4       0x9c Src/tim.o
 .text.LL_TIM_OC_EnablePreload
                0x0000000008001570       0x9c Src/tim.o
 .text.LL_TIM_SetClockSource
                0x000000000800160c       0x2a Src/tim.o
 .text.LL_TIM_SetTriggerOutput
                0x0000000008001636       0x26 Src/tim.o
 .text.LL_TIM_DisableMasterSlaveMode
                0x000000000800165c       0x20 Src/tim.o
 .text.LL_TIM_EnableIT_UPDATE
                0x000000000800167c       0x20 Src/tim.o
 .text.MX_TIM2_Init
                0x000000000800169c      0x124 Src/tim.o
                0x000000000800169c                MX_TIM2_Init
 .text.Reset_Handler
                0x00000000080017c0       0x50 Startup/startup_stm32f303k8tx.o
                0x00000000080017c0                Reset_Handler
 .text.Default_Handler
                0x0000000008001810        0x2 Startup/startup_stm32f303k8tx.o
                0x0000000008001810                RTC_Alarm_IRQHandler
                0x0000000008001810                TIM1_CC_IRQHandler
                0x0000000008001810                PVD_IRQHandler
                0x0000000008001810                TAMP_STAMP_IRQHandler
                0x0000000008001810                EXTI3_IRQHandler
                0x0000000008001810                EXTI0_IRQHandler
                0x0000000008001810                FPU_IRQHandler
                0x0000000008001810                CAN_TX_IRQHandler
                0x0000000008001810                TIM1_UP_TIM16_IRQHandler
                0x0000000008001810                ADC1_2_IRQHandler
                0x0000000008001810                SPI1_IRQHandler
                0x0000000008001810                CAN_SCE_IRQHandler
                0x0000000008001810                DMA1_Channel4_IRQHandler
                0x0000000008001810                USART3_IRQHandler
                0x0000000008001810                DMA1_Channel7_IRQHandler
                0x0000000008001810                TIM7_DAC2_IRQHandler
                0x0000000008001810                CAN_RX1_IRQHandler
                0x0000000008001810                I2C1_EV_IRQHandler
                0x0000000008001810                DMA1_Channel6_IRQHandler
                0x0000000008001810                TIM3_IRQHandler
                0x0000000008001810                RCC_IRQHandler
                0x0000000008001810                DMA1_Channel1_IRQHandler
                0x0000000008001810                Default_Handler
                0x0000000008001810                EXTI15_10_IRQHandler
                0x0000000008001810                COMP2_IRQHandler
                0x0000000008001810                TIM6_DAC1_IRQHandler
                0x0000000008001810                EXTI9_5_IRQHandler
                0x0000000008001810                RTC_WKUP_IRQHandler
                0x0000000008001810                DMA1_Channel5_IRQHandler
                0x0000000008001810                EXTI4_IRQHandler
                0x0000000008001810                TIM1_TRG_COM_TIM17_IRQHandler
                0x0000000008001810                DMA1_Channel3_IRQHandler
                0x0000000008001810                WWDG_IRQHandler
                0x0000000008001810                EXTI1_IRQHandler
                0x0000000008001810                COMP4_6_IRQHandler
                0x0000000008001810                USART2_IRQHandler
                0x0000000008001810                DMA1_Channel2_IRQHandler
                0x0000000008001810                FLASH_IRQHandler
                0x0000000008001810                USART1_IRQHandler
                0x0000000008001810                CAN_RX0_IRQHandler
                0x0000000008001810                I2C1_ER_IRQHandler
                0x0000000008001810                EXTI2_TSC_IRQHandler
                0x0000000008001810                TIM1_BRK_TIM15_IRQHandler
 *fill*         0x0000000008001812        0x2 
 .text.__libc_init_array
                0x0000000008001814       0x48 c:/st/stm32cubeide_1.4.0/stm32cubeide/plugins/com.st.stm32cube.ide.mcu.externaltools.gnu-tools-for-stm32.7-2018-q2-update.win32_1.4.0.202007081208/tools/bin/../lib/gcc/arm-none-eabi/7.3.1/../../../../arm-none-eabi/lib/thumb/v7e-m/fpv4-sp/hard\libc_nano.a(lib_a-init.o)
                0x0000000008001814                __libc_init_array
 .text.memset   0x000000000800185c       0x10 c:/st/stm32cubeide_1.4.0/stm32cubeide/plugins/com.st.stm32cube.ide.mcu.externaltools.gnu-tools-for-stm32.7-2018-q2-update.win32_1.4.0.202007081208/tools/bin/../lib/gcc/arm-none-eabi/7.3.1/../../../../arm-none-eabi/lib/thumb/v7e-m/fpv4-sp/hard\libc_nano.a(lib_a-memset.o)
                0x000000000800185c                memset
 *(.glue_7)
 .glue_7        0x000000000800186c        0x0 linker stubs
 *(.glue_7t)
 .glue_7t       0x000000000800186c        0x0 linker stubs
 *(.eh_frame)
 .eh_frame      0x000000000800186c        0x0 c:/st/stm32cubeide_1.4.0/stm32cubeide/plugins/com.st.stm32cube.ide.mcu.externaltools.gnu-tools-for-stm32.7-2018-q2-update.win32_1.4.0.202007081208/tools/bin/../lib/gcc/arm-none-eabi/7.3.1/thumb/v7e-m/fpv4-sp/hard/crtbegin.o
 *(.init)
 .init          0x000000000800186c        0x4 c:/st/stm32cubeide_1.4.0/stm32cubeide/plugins/com.st.stm32cube.ide.mcu.externaltools.gnu-tools-for-stm32.7-2018-q2-update.win32_1.4.0.202007081208/tools/bin/../lib/gcc/arm-none-eabi/7.3.1/thumb/v7e-m/fpv4-sp/hard/crti.o
                0x000000000800186c                _init
 .init          0x0000000008001870        0x8 c:/st/stm32cubeide_1.4.0/stm32cubeide/plugins/com.st.stm32cube.ide.mcu.externaltools.gnu-tools-for-stm32.7-2018-q2-update.win32_1.4.0.202007081208/tools/bin/../lib/gcc/arm-none-eabi/7.3.1/thumb/v7e-m/fpv4-sp/hard/crtn.o
 *(.fini)
 .fini          0x0000000008001878        0x4 c:/st/stm32cubeide_1.4.0/stm32cubeide/plugins/com.st.stm32cube.ide.mcu.externaltools.gnu-tools-for-stm32.7-2018-q2-update.win32_1.4.0.202007081208/tools/bin/../lib/gcc/arm-none-eabi/7.3.1/thumb/v7e-m/fpv4-sp/hard/crti.o
                0x0000000008001878                _fini
 .fini          0x000000000800187c        0x8 c:/st/stm32cubeide_1.4.0/stm32cubeide/plugins/com.st.stm32cube.ide.mcu.externaltools.gnu-tools-for-stm32.7-2018-q2-update.win32_1.4.0.202007081208/tools/bin/../lib/gcc/arm-none-eabi/7.3.1/thumb/v7e-m/fpv4-sp/hard/crtn.o
                0x0000000008001884                . = ALIGN (0x4)
                0x0000000008001884                _etext = .

.vfp11_veneer   0x0000000008001884        0x0
 .vfp11_veneer  0x0000000008001884        0x0 linker stubs

.v4_bx          0x0000000008001884        0x0
 .v4_bx         0x0000000008001884        0x0 linker stubs

.iplt           0x0000000008001884        0x0
 .iplt          0x0000000008001884        0x0 c:/st/stm32cubeide_1.4.0/stm32cubeide/plugins/com.st.stm32cube.ide.mcu.externaltools.gnu-tools-for-stm32.7-2018-q2-update.win32_1.4.0.202007081208/tools/bin/../lib/gcc/arm-none-eabi/7.3.1/thumb/v7e-m/fpv4-sp/hard/crtbegin.o

.rodata         0x0000000008001884       0x18
                0x0000000008001884                . = ALIGN (0x4)
 *(.rodata)
 *(.rodata*)
 .rodata.OFFSET_TAB_CCMRx
                0x0000000008001884        0x9 Src/tim.o
 *fill*         0x000000000800188d        0x3 
 .rodata.SHIFT_TAB_OCxx
                0x0000000008001890        0x9 Src/tim.o
                0x000000000800189c                . = ALIGN (0x4)
 *fill*         0x0000000008001899        0x3 

.rel.dyn        0x000000000800189c        0x0
 .rel.iplt      0x000000000800189c        0x0 c:/st/stm32cubeide_1.4.0/stm32cubeide/plugins/com.st.stm32cube.ide.mcu.externaltools.gnu-tools-for-stm32.7-2018-q2-update.win32_1.4.0.202007081208/tools/bin/../lib/gcc/arm-none-eabi/7.3.1/thumb/v7e-m/fpv4-sp/hard/crtbegin.o

.ARM.extab      0x000000000800189c        0x0
                0x000000000800189c                . = ALIGN (0x4)
 *(.ARM.extab* .gnu.linkonce.armextab.*)
                0x000000000800189c                . = ALIGN (0x4)

.ARM            0x000000000800189c        0x0
                0x000000000800189c                . = ALIGN (0x4)
                0x000000000800189c                __exidx_start = .
 *(.ARM.exidx*)
                0x000000000800189c                __exidx_end = .
                0x000000000800189c                . = ALIGN (0x4)

.preinit_array  0x000000000800189c        0x0
                0x000000000800189c                . = ALIGN (0x4)
                0x000000000800189c                PROVIDE (__preinit_array_start = .)
 *(.preinit_array*)
                0x000000000800189c                PROVIDE (__preinit_array_end = .)
                0x000000000800189c                . = ALIGN (0x4)

.init_array     0x000000000800189c        0x4
                0x000000000800189c                . = ALIGN (0x4)
                0x000000000800189c                PROVIDE (__init_array_start = .)
 *(SORT_BY_NAME(.init_array.*))
 *(.init_array*)
 .init_array    0x000000000800189c        0x4 c:/st/stm32cubeide_1.4.0/stm32cubeide/plugins/com.st.stm32cube.ide.mcu.externaltools.gnu-tools-for-stm32.7-2018-q2-update.win32_1.4.0.202007081208/tools/bin/../lib/gcc/arm-none-eabi/7.3.1/thumb/v7e-m/fpv4-sp/hard/crtbegin.o
                0x00000000080018a0                PROVIDE (__init_array_end = .)
                0x00000000080018a0                . = ALIGN (0x4)

.fini_array     0x00000000080018a0        0x4
                0x00000000080018a0                . = ALIGN (0x4)
                [!provide]                        PROVIDE (__fini_array_start = .)
 *(SORT_BY_NAME(.fini_array.*))
 *(.fini_array*)
 .fini_array    0x00000000080018a0        0x4 c:/st/stm32cubeide_1.4.0/stm32cubeide/plugins/com.st.stm32cube.ide.mcu.externaltools.gnu-tools-for-stm32.7-2018-q2-update.win32_1.4.0.202007081208/tools/bin/../lib/gcc/arm-none-eabi/7.3.1/thumb/v7e-m/fpv4-sp/hard/crtbegin.o
                [!provide]                        PROVIDE (__fini_array_end = .)
                0x00000000080018a4                . = ALIGN (0x4)
                0x00000000080018a4                _sidata = LOADADDR (.data)

.data           0x0000000020000000        0x8 load address 0x00000000080018a4
                0x0000000020000000                . = ALIGN (0x4)
                0x0000000020000000                _sdata = .
 *(.data)
 *(.data*)
 .data.led_mode
                0x0000000020000000        0x1 Src/main.o
                0x0000000020000000                led_mode
 .data.intensity_set_point
                0x0000000020000001        0x1 Src/main.o
                0x0000000020000001                intensity_set_point
 *fill*         0x0000000020000002        0x2 
 .data.SystemCoreClock
                0x0000000020000004        0x4 Src/system_stm32f3xx.o
                0x0000000020000004                SystemCoreClock
                0x0000000020000008                . = ALIGN (0x4)
                0x0000000020000008                _edata = .

.igot.plt       0x0000000020000008        0x0 load address 0x00000000080018ac
 .igot.plt      0x0000000020000008        0x0 c:/st/stm32cubeide_1.4.0/stm32cubeide/plugins/com.st.stm32cube.ide.mcu.externaltools.gnu-tools-for-stm32.7-2018-q2-update.win32_1.4.0.202007081208/tools/bin/../lib/gcc/arm-none-eabi/7.3.1/thumb/v7e-m/fpv4-sp/hard/crtbegin.o
                0x0000000020000008                . = ALIGN (0x4)

.bss            0x0000000020000008       0x20 load address 0x00000000080018ac
                0x0000000020000008                _sbss = .
                0x0000000020000008                __bss_start__ = _sbss
 *(.bss)
 .bss           0x0000000020000008       0x1c c:/st/stm32cubeide_1.4.0/stm32cubeide/plugins/com.st.stm32cube.ide.mcu.externaltools.gnu-tools-for-stm32.7-2018-q2-update.win32_1.4.0.202007081208/tools/bin/../lib/gcc/arm-none-eabi/7.3.1/thumb/v7e-m/fpv4-sp/hard/crtbegin.o
 *(.bss*)
 .bss.led_state.8735
                0x0000000020000024        0x1 Src/stm32f3xx_it.o
 .bss.intensity.8734
                0x0000000020000025        0x1 Src/stm32f3xx_it.o
 *(COMMON)
                0x0000000020000028                . = ALIGN (0x4)
 *fill*         0x0000000020000026        0x2 
                0x0000000020000028                _ebss = .
                0x0000000020000028                __bss_end__ = _ebss

._user_heap_stack
                0x0000000020000028      0x600 load address 0x00000000080018ac
                0x0000000020000028                . = ALIGN (0x8)
                0x0000000020000028                PROVIDE (end = .)
                [!provide]                        PROVIDE (_end = .)
                0x0000000020000228                . = (. + _Min_Heap_Size)
 *fill*         0x0000000020000028      0x200 
                0x0000000020000628                . = (. + _Min_Stack_Size)
 *fill*         0x0000000020000228      0x400 
                0x0000000020000628                . = ALIGN (0x8)

/DISCARD/
 libc.a(*)
 libm.a(*)
 libgcc.a(*)

.ARM.attributes
                0x0000000000000000       0x30
 *(.ARM.attributes)
 .ARM.attributes
                0x0000000000000000       0x22 c:/st/stm32cubeide_1.4.0/stm32cubeide/plugins/com.st.stm32cube.ide.mcu.externaltools.gnu-tools-for-stm32.7-2018-q2-update.win32_1.4.0.202007081208/tools/bin/../lib/gcc/arm-none-eabi/7.3.1/thumb/v7e-m/fpv4-sp/hard/crti.o
 .ARM.attributes
                0x0000000000000022       0x34 c:/st/stm32cubeide_1.4.0/stm32cubeide/plugins/com.st.stm32cube.ide.mcu.externaltools.gnu-tools-for-stm32.7-2018-q2-update.win32_1.4.0.202007081208/tools/bin/../lib/gcc/arm-none-eabi/7.3.1/thumb/v7e-m/fpv4-sp/hard/crtbegin.o
 .ARM.attributes
                0x0000000000000056       0x39 Drivers/STM32F3xx_HAL_Driver/Src/stm32f3xx_ll_gpio.o
 .ARM.attributes
                0x000000000000008f       0x39 Drivers/STM32F3xx_HAL_Driver/Src/stm32f3xx_ll_tim.o
 .ARM.attributes
                0x00000000000000c8       0x39 Drivers/STM32F3xx_HAL_Driver/Src/stm32f3xx_ll_utils.o
 .ARM.attributes
                0x0000000000000101       0x39 Src/gpio.o
 .ARM.attributes
                0x000000000000013a       0x39 Src/main.o
 .ARM.attributes
                0x0000000000000173       0x39 Src/stm32f3xx_it.o
 .ARM.attributes
                0x00000000000001ac       0x39 Src/system_stm32f3xx.o
 .ARM.attributes
                0x00000000000001e5       0x39 Src/tim.o
 .ARM.attributes
                0x000000000000021e       0x21 Startup/startup_stm32f303k8tx.o
 .ARM.attributes
                0x000000000000023f       0x34 c:/st/stm32cubeide_1.4.0/stm32cubeide/plugins/com.st.stm32cube.ide.mcu.externaltools.gnu-tools-for-stm32.7-2018-q2-update.win32_1.4.0.202007081208/tools/bin/../lib/gcc/arm-none-eabi/7.3.1/../../../../arm-none-eabi/lib/thumb/v7e-m/fpv4-sp/hard\libc_nano.a(lib_a-init.o)
 .ARM.attributes
                0x0000000000000273       0x34 c:/st/stm32cubeide_1.4.0/stm32cubeide/plugins/com.st.stm32cube.ide.mcu.externaltools.gnu-tools-for-stm32.7-2018-q2-update.win32_1.4.0.202007081208/tools/bin/../lib/gcc/arm-none-eabi/7.3.1/../../../../arm-none-eabi/lib/thumb/v7e-m/fpv4-sp/hard\libc_nano.a(lib_a-memset.o)
 .ARM.attributes
                0x00000000000002a7       0x22 c:/st/stm32cubeide_1.4.0/stm32cubeide/plugins/com.st.stm32cube.ide.mcu.externaltools.gnu-tools-for-stm32.7-2018-q2-update.win32_1.4.0.202007081208/tools/bin/../lib/gcc/arm-none-eabi/7.3.1/thumb/v7e-m/fpv4-sp/hard/crtn.o
OUTPUT(TIM_LED.elf elf32-littlearm)

.debug_info     0x0000000000000000     0x4030
 .debug_info    0x0000000000000000      0x7e2 Drivers/STM32F3xx_HAL_Driver/Src/stm32f3xx_ll_gpio.o
 .debug_info    0x00000000000007e2      0xf9f Drivers/STM32F3xx_HAL_Driver/Src/stm32f3xx_ll_tim.o
 .debug_info    0x0000000000001781      0x818 Drivers/STM32F3xx_HAL_Driver/Src/stm32f3xx_ll_utils.o
 .debug_info    0x0000000000001f99      0x2a8 Src/gpio.o
 .debug_info    0x0000000000002241      0x762 Src/main.o
 .debug_info    0x00000000000029a3      0x53c Src/stm32f3xx_it.o
 .debug_info    0x0000000000002edf      0x400 Src/system_stm32f3xx.o
 .debug_info    0x00000000000032df      0xd2f Src/tim.o
 .debug_info    0x000000000000400e       0x22 Startup/startup_stm32f303k8tx.o

.debug_abbrev   0x0000000000000000      0xde8
 .debug_abbrev  0x0000000000000000      0x212 Drivers/STM32F3xx_HAL_Driver/Src/stm32f3xx_ll_gpio.o
 .debug_abbrev  0x0000000000000212      0x1ff Drivers/STM32F3xx_HAL_Driver/Src/stm32f3xx_ll_tim.o
 .debug_abbrev  0x0000000000000411      0x266 Drivers/STM32F3xx_HAL_Driver/Src/stm32f3xx_ll_utils.o
 .debug_abbrev  0x0000000000000677      0x10f Src/gpio.o
 .debug_abbrev  0x0000000000000786      0x1bb Src/main.o
 .debug_abbrev  0x0000000000000941      0x1b4 Src/stm32f3xx_it.o
 .debug_abbrev  0x0000000000000af5      0x111 Src/system_stm32f3xx.o
 .debug_abbrev  0x0000000000000c06      0x1d0 Src/tim.o
 .debug_abbrev  0x0000000000000dd6       0x12 Startup/startup_stm32f303k8tx.o

.debug_aranges  0x0000000000000000      0x4e8
 .debug_aranges
                0x0000000000000000       0x70 Drivers/STM32F3xx_HAL_Driver/Src/stm32f3xx_ll_gpio.o
 .debug_aranges
                0x0000000000000070      0x148 Drivers/STM32F3xx_HAL_Driver/Src/stm32f3xx_ll_tim.o
 .debug_aranges
                0x00000000000001b8       0xf0 Drivers/STM32F3xx_HAL_Driver/Src/stm32f3xx_ll_utils.o
 .debug_aranges
                0x00000000000002a8       0x28 Src/gpio.o
 .debug_aranges
                0x00000000000002d0       0xa0 Src/main.o
 .debug_aranges
                0x0000000000000370       0x90 Src/stm32f3xx_it.o
 .debug_aranges
                0x0000000000000400       0x28 Src/system_stm32f3xx.o
 .debug_aranges
                0x0000000000000428       0x98 Src/tim.o
 .debug_aranges
                0x00000000000004c0       0x28 Startup/startup_stm32f303k8tx.o

.debug_ranges   0x0000000000000000      0x460
 .debug_ranges  0x0000000000000000       0x60 Drivers/STM32F3xx_HAL_Driver/Src/stm32f3xx_ll_gpio.o
 .debug_ranges  0x0000000000000060      0x138 Drivers/STM32F3xx_HAL_Driver/Src/stm32f3xx_ll_tim.o
 .debug_ranges  0x0000000000000198       0xe0 Drivers/STM32F3xx_HAL_Driver/Src/stm32f3xx_ll_utils.o
 .debug_ranges  0x0000000000000278       0x18 Src/gpio.o
 .debug_ranges  0x0000000000000290       0x90 Src/main.o
 .debug_ranges  0x0000000000000320       0x80 Src/stm32f3xx_it.o
 .debug_ranges  0x00000000000003a0       0x18 Src/system_stm32f3xx.o
 .debug_ranges  0x00000000000003b8       0x88 Src/tim.o
 .debug_ranges  0x0000000000000440       0x20 Startup/startup_stm32f303k8tx.o

.debug_macro    0x0000000000000000     0x23dc
 .debug_macro   0x0000000000000000      0x10c Drivers/STM32F3xx_HAL_Driver/Src/stm32f3xx_ll_gpio.o
 .debug_macro   0x000000000000010c      0x149 Drivers/STM32F3xx_HAL_Driver/Src/stm32f3xx_ll_gpio.o
 .debug_macro   0x0000000000000255      0x179 Drivers/STM32F3xx_HAL_Driver/Src/stm32f3xx_ll_tim.o
 .debug_macro   0x00000000000003ce      0x800 Drivers/STM32F3xx_HAL_Driver/Src/stm32f3xx_ll_tim.o
 .debug_macro   0x0000000000000bce      0x14a Drivers/STM32F3xx_HAL_Driver/Src/stm32f3xx_ll_utils.o
 .debug_macro   0x0000000000000d18       0x30 Drivers/STM32F3xx_HAL_Driver/Src/stm32f3xx_ll_utils.o
 .debug_macro   0x0000000000000d48      0x2a5 Drivers/STM32F3xx_HAL_Driver/Src/stm32f3xx_ll_utils.o
 .debug_macro   0x0000000000000fed       0xaf Drivers/STM32F3xx_HAL_Driver/Src/stm32f3xx_ll_utils.o
 .debug_macro   0x000000000000109c      0x143 Src/gpio.o
 .debug_macro   0x00000000000011df      0x102 Src/gpio.o
 .debug_macro   0x00000000000012e1       0x28 Src/gpio.o
 .debug_macro   0x0000000000001309      0x287 Src/gpio.o
 .debug_macro   0x0000000000001590      0x806 Src/gpio.o
 .debug_macro   0x0000000000001d96      0x14f Src/gpio.o
 .debug_macro   0x0000000000001ee5       0x22 Src/gpio.o
 .debug_macro   0x0000000000001f07      0x15a Src/main.o
 .debug_macro   0x0000000000002061       0x1c Src/main.o
 .debug_macro   0x000000000000207d      0x14c Src/stm32f3xx_it.o
 .debug_macro   0x00000000000021c9       0xd0 Src/system_stm32f3xx.o
 .debug_macro   0x0000000000002299      0x143 Src/tim.o

.debug_line     0x0000000000000000     0x374e
 .debug_line    0x0000000000000000      0x670 Drivers/STM32F3xx_HAL_Driver/Src/stm32f3xx_ll_gpio.o
 .debug_line    0x0000000000000670      0x97d Drivers/STM32F3xx_HAL_Driver/Src/stm32f3xx_ll_tim.o
 .debug_line    0x0000000000000fed      0x764 Drivers/STM32F3xx_HAL_Driver/Src/stm32f3xx_ll_utils.o
 .debug_line    0x0000000000001751      0x586 Src/gpio.o
 .debug_line    0x0000000000001cd7      0x6f7 Src/main.o
 .debug_line    0x00000000000023ce      0x6c9 Src/stm32f3xx_it.o
 .debug_line    0x0000000000002a97      0x48a Src/system_stm32f3xx.o
 .debug_line    0x0000000000002f21      0x7ac Src/tim.o
 .debug_line    0x00000000000036cd       0x81 Startup/startup_stm32f303k8tx.o

.debug_str      0x0000000000000000    0x71465
 .debug_str     0x0000000000000000    0x6467e Drivers/STM32F3xx_HAL_Driver/Src/stm32f3xx_ll_gpio.o
                                      0x64823 (size before relaxing)
 .debug_str     0x000000000006467e     0x5cde Drivers/STM32F3xx_HAL_Driver/Src/stm32f3xx_ll_tim.o
                                      0x6973f (size before relaxing)
 .debug_str     0x000000000006a35c     0x503f Drivers/STM32F3xx_HAL_Driver/Src/stm32f3xx_ll_utils.o
                                      0x684bd (size before relaxing)
 .debug_str     0x000000000006f39b     0x190b Src/gpio.o
                                      0x6dc63 (size before relaxing)
 .debug_str     0x0000000000070ca6      0x193 Src/main.o
                                      0x6deee (size before relaxing)
 .debug_str     0x0000000000070e39      0x13a Src/stm32f3xx_it.o
                                      0x6ddb2 (size before relaxing)
 .debug_str     0x0000000000070f73       0x6e Src/system_stm32f3xx.o
                                      0x634c9 (size before relaxing)
 .debug_str     0x0000000000070fe1      0x453 Src/tim.o
                                      0x6e3b9 (size before relaxing)
 .debug_str     0x0000000000071434       0x31 Startup/startup_stm32f303k8tx.o
                                         0x6a (size before relaxing)

.comment        0x0000000000000000       0x7b
 .comment       0x0000000000000000       0x7b Drivers/STM32F3xx_HAL_Driver/Src/stm32f3xx_ll_gpio.o
                                         0x7c (size before relaxing)
 .comment       0x000000000000007b       0x7c Drivers/STM32F3xx_HAL_Driver/Src/stm32f3xx_ll_tim.o
 .comment       0x000000000000007b       0x7c Drivers/STM32F3xx_HAL_Driver/Src/stm32f3xx_ll_utils.o
 .comment       0x000000000000007b       0x7c Src/gpio.o
 .comment       0x000000000000007b       0x7c Src/main.o
 .comment       0x000000000000007b       0x7c Src/stm32f3xx_it.o
 .comment       0x000000000000007b       0x7c Src/system_stm32f3xx.o
 .comment       0x000000000000007b       0x7c Src/tim.o

.debug_frame    0x0000000000000000     0x135c
 .debug_frame   0x0000000000000000      0x1c0 Drivers/STM32F3xx_HAL_Driver/Src/stm32f3xx_ll_gpio.o
 .debug_frame   0x00000000000001c0      0x5d0 Drivers/STM32F3xx_HAL_Driver/Src/stm32f3xx_ll_tim.o
 .debug_frame   0x0000000000000790      0x3dc Drivers/STM32F3xx_HAL_Driver/Src/stm32f3xx_ll_utils.o
 .debug_frame   0x0000000000000b6c       0x54 Src/gpio.o
 .debug_frame   0x0000000000000bc0      0x278 Src/main.o
 .debug_frame   0x0000000000000e38      0x1f4 Src/stm32f3xx_it.o
 .debug_frame   0x000000000000102c       0x58 Src/system_stm32f3xx.o
 .debug_frame   0x0000000000001084      0x28c Src/tim.o
 .debug_frame   0x0000000000001310       0x2c c:/st/stm32cubeide_1.4.0/stm32cubeide/plugins/com.st.stm32cube.ide.mcu.externaltools.gnu-tools-for-stm32.7-2018-q2-update.win32_1.4.0.202007081208/tools/bin/../lib/gcc/arm-none-eabi/7.3.1/../../../../arm-none-eabi/lib/thumb/v7e-m/fpv4-sp/hard\libc_nano.a(lib_a-init.o)
 .debug_frame   0x000000000000133c       0x20 c:/st/stm32cubeide_1.4.0/stm32cubeide/plugins/com.st.stm32cube.ide.mcu.externaltools.gnu-tools-for-stm32.7-2018-q2-update.win32_1.4.0.202007081208/tools/bin/../lib/gcc/arm-none-eabi/7.3.1/../../../../arm-none-eabi/lib/thumb/v7e-m/fpv4-sp/hard\libc_nano.a(lib_a-memset.o)
